---
source: tests/parser.rs
expression: spaces.first().unwrap()
---
Airspace {
    name: "ZSM GYPAETE BARBU NID FELCE 2025",
    class: Unclassified,
    type_: Some(
        "OFR",
    ),
    lower_bound: Gnd,
    upper_bound: FeetAmsl(
        5577,
    ),
    geom: Polygon {
        segments: [
            Point(
                Coord {
                    lat: 42.27027777777778,
                    lng: 8.821388888888889,
                },
            ),
            Point(
                Coord {
                    lat: 42.271388888888886,
                    lng: 8.821666666666667,
                },
            ),
            Point(
                Coord {
                    lat: 42.2725,
                    lng: 8.821388888888889,
                },
            ),
            Point(
                Coord {
                    lat: 42.27333333333333,
                    lng: 8.821111111111112,
                },
            ),
            Point(
                Coord {
                    lat: 42.27388888888889,
                    lng: 8.820833333333333,
                },
            ),
            Point(
                Coord {
                    lat: 42.27638888888889,
                    lng: 8.818333333333333,
                },
            ),
            Point(
                Coord {
                    lat: 42.277499999999996,
                    lng: 8.818333333333333,
                },
            ),
            Point(
                Coord {
                    lat: 42.27861111111111,
                    lng: 8.818055555555555,
                },
            ),
            Point(
                Coord {
                    lat: 42.27916666666667,
                    lng: 8.818055555555555,
                },
            ),
            Point(
                Coord {
                    lat: 42.27972222222222,
                    lng: 8.817499999999999,
                },
            ),
            Point(
                Coord {
                    lat: 42.27972222222222,
                    lng: 8.81638888888889,
                },
            ),
            Point(
                Coord {
                    lat: 42.27916666666667,
                    lng: 8.815000000000001,
                },
            ),
            Point(
                Coord {
                    lat: 42.27916666666667,
                    lng: 8.812222222222223,
                },
            ),
            Point(
                Coord {
                    lat: 42.27972222222222,
                    lng: 8.81,
                },
            ),
            Point(
                Coord {
                    lat: 42.28,
                    lng: 8.809166666666668,
                },
            ),
            Point(
                Coord {
                    lat: 42.27972222222222,
                    lng: 8.808333333333334,
                },
            ),
            Point(
                Coord {
                    lat: 42.279444444444444,
                    lng: 8.806944444444445,
                },
            ),
            Point(
                Coord {
                    lat: 42.27972222222222,
                    lng: 8.806111111111111,
                },
            ),
            Point(
                Coord {
                    lat: 42.279444444444444,
                    lng: 8.805000000000001,
                },
            ),
            Point(
                Coord {
                    lat: 42.279444444444444,
                    lng: 8.80388888888889,
                },
            ),
            Point(
                Coord {
                    lat: 42.27972222222222,
                    lng: 8.803333333333335,
                },
            ),
            Point(
                Coord {
                    lat: 42.280277777777776,
                    lng: 8.803611111111111,
                },
            ),
            Point(
                Coord {
                    lat: 42.28055555555555,
                    lng: 8.803333333333335,
                },
            ),
            Point(
                Coord {
                    lat: 42.27972222222222,
                    lng: 8.800833333333333,
                },
            ),
            Point(
                Coord {
                    lat: 42.27916666666667,
                    lng: 8.8,
                },
            ),
            Point(
                Coord {
                    lat: 42.27861111111111,
                    lng: 8.799722222222222,
                },
            ),
            Point(
                Coord {
                    lat: 42.27833333333333,
                    lng: 8.799166666666666,
                },
            ),
            Point(
                Coord {
                    lat: 42.27777777777778,
                    lng: 8.797777777777778,
                },
            ),
            Point(
                Coord {
                    lat: 42.27777777777778,
                    lng: 8.796944444444444,
                },
            ),
            Point(
                Coord {
                    lat: 42.278055555555554,
                    lng: 8.795833333333333,
                },
            ),
            Point(
                Coord {
                    lat: 42.27777777777778,
                    lng: 8.795277777777777,
                },
            ),
            Point(
                Coord {
                    lat: 42.27777777777778,
                    lng: 8.794444444444444,
                },
            ),
            Point(
                Coord {
                    lat: 42.27722222222222,
                    lng: 8.793333333333333,
                },
            ),
            Point(
                Coord {
                    lat: 42.276666666666664,
                    lng: 8.7925,
                },
            ),
            Point(
                Coord {
                    lat: 42.275555555555556,
                    lng: 8.791666666666666,
                },
            ),
            Point(
                Coord {
                    lat: 42.274166666666666,
                    lng: 8.790833333333333,
                },
            ),
            Point(
                Coord {
                    lat: 42.27388888888889,
                    lng: 8.789722222222222,
                },
            ),
            Point(
                Coord {
                    lat: 42.27305555555555,
                    lng: 8.788611111111111,
                },
            ),
            Point(
                Coord {
                    lat: 42.27222222222222,
                    lng: 8.788333333333334,
                },
            ),
            Point(
                Coord {
                    lat: 42.27166666666667,
                    lng: 8.787777777777778,
                },
            ),
            Point(
                Coord {
                    lat: 42.27111111111111,
                    lng: 8.7875,
                },
            ),
            Point(
                Coord {
                    lat: 42.27055555555555,
                    lng: 8.786944444444444,
                },
            ),
            Point(
                Coord {
                    lat: 42.269999999999996,
                    lng: 8.786666666666667,
                },
            ),
            Point(
                Coord {
                    lat: 42.26916666666666,
                    lng: 8.786666666666667,
                },
            ),
            Point(
                Coord {
                    lat: 42.2675,
                    lng: 8.7875,
                },
            ),
            Point(
                Coord {
                    lat: 42.26694444444444,
                    lng: 8.789444444444444,
                },
            ),
            Point(
                Coord {
                    lat: 42.266666666666666,
                    lng: 8.79,
                },
            ),
            Point(
                Coord {
                    lat: 42.26583333333333,
                    lng: 8.790555555555555,
                },
            ),
            Point(
                Coord {
                    lat: 42.265277777777776,
                    lng: 8.790833333333333,
                },
            ),
            Point(
                Coord {
                    lat: 42.263888888888886,
                    lng: 8.790555555555555,
                },
            ),
            Point(
                Coord {
                    lat: 42.26305555555555,
                    lng: 8.789444444444444,
                },
            ),
            Point(
                Coord {
                    lat: 42.2625,
                    lng: 8.790833333333333,
                },
            ),
            Point(
                Coord {
                    lat: 42.263333333333335,
                    lng: 8.7925,
                },
            ),
            Point(
                Coord {
                    lat: 42.26444444444444,
                    lng: 8.792222222222222,
                },
            ),
            Point(
                Coord {
                    lat: 42.265277777777776,
                    lng: 8.793055555555556,
                },
            ),
            Point(
                Coord {
                    lat: 42.264722222222225,
                    lng: 8.793888888888889,
                },
            ),
            Point(
                Coord {
                    lat: 42.26416666666667,
                    lng: 8.795555555555556,
                },
            ),
            Point(
                Coord {
                    lat: 42.26416666666667,
                    lng: 8.797777777777778,
                },
            ),
            Point(
                Coord {
                    lat: 42.263888888888886,
                    lng: 8.79888888888889,
                },
            ),
            Point(
                Coord {
                    lat: 42.263333333333335,
                    lng: 8.799444444444445,
                },
            ),
            Point(
                Coord {
                    lat: 42.2625,
                    lng: 8.799722222222222,
                },
            ),
            Point(
                Coord {
                    lat: 42.26222222222222,
                    lng: 8.8,
                },
            ),
            Point(
                Coord {
                    lat: 42.26222222222222,
                    lng: 8.801111111111112,
                },
            ),
            Point(
                Coord {
                    lat: 42.2625,
                    lng: 8.801944444444445,
                },
            ),
            Point(
                Coord {
                    lat: 42.2625,
                    lng: 8.8025,
                },
            ),
            Point(
                Coord {
                    lat: 42.26277777777778,
                    lng: 8.803333333333335,
                },
            ),
            Point(
                Coord {
                    lat: 42.2625,
                    lng: 8.80388888888889,
                },
            ),
            Point(
                Coord {
                    lat: 42.26277777777778,
                    lng: 8.804444444444446,
                },
            ),
            Point(
                Coord {
                    lat: 42.26277777777778,
                    lng: 8.805000000000001,
                },
            ),
            Point(
                Coord {
                    lat: 42.2625,
                    lng: 8.805555555555557,
                },
            ),
            Point(
                Coord {
                    lat: 42.26222222222222,
                    lng: 8.80638888888889,
                },
            ),
            Point(
                Coord {
                    lat: 42.2625,
                    lng: 8.806944444444445,
                },
            ),
            Point(
                Coord {
                    lat: 42.2625,
                    lng: 8.808055555555557,
                },
            ),
            Point(
                Coord {
                    lat: 42.26222222222222,
                    lng: 8.80888888888889,
                },
            ),
            Point(
                Coord {
                    lat: 42.26222222222222,
                    lng: 8.810833333333335,
                },
            ),
            Point(
                Coord {
                    lat: 42.26166666666666,
                    lng: 8.811666666666667,
                },
            ),
            Point(
                Coord {
                    lat: 42.26166666666666,
                    lng: 8.813055555555556,
                },
            ),
            Point(
                Coord {
                    lat: 42.26083333333333,
                    lng: 8.814722222222223,
                },
            ),
            Point(
                Coord {
                    lat: 42.26166666666666,
                    lng: 8.815555555555557,
                },
            ),
            Point(
                Coord {
                    lat: 42.261944444444445,
                    lng: 8.816666666666666,
                },
            ),
            Point(
                Coord {
                    lat: 42.26277777777778,
                    lng: 8.818055555555555,
                },
            ),
            Point(
                Coord {
                    lat: 42.26361111111111,
                    lng: 8.81861111111111,
                },
            ),
            Point(
                Coord {
                    lat: 42.265,
                    lng: 8.82,
                },
            ),
            Point(
                Coord {
                    lat: 42.265277777777776,
                    lng: 8.820833333333333,
                },
            ),
            Point(
                Coord {
                    lat: 42.26638888888889,
                    lng: 8.821944444444444,
                },
            ),
            Point(
                Coord {
                    lat: 42.26722222222222,
                    lng: 8.821944444444444,
                },
            ),
            Point(
                Coord {
                    lat: 42.26777777777777,
                    lng: 8.821666666666667,
                },
            ),
            Point(
                Coord {
                    lat: 42.26916666666666,
                    lng: 8.821666666666667,
                },
            ),
            Point(
                Coord {
                    lat: 42.27027777777778,
                    lng: 8.821388888888889,
                },
            ),
        ],
    },
    frequency: None,
    call_sign: None,
    transponder_code: None,
}
