---
source: tests/parser.rs
expression: names
---
[
    "ALPNACH CTR 128.475 [D] (GND → 12959 ft AMSL) {Polygon[35]}",
    "ALPNACH A CTR 128.475 [D] (GND → 12959 ft AMSL) {Polygon[15]}",
    "ALPNACH K CTR 128.475 [D] (GND → 12959 ft AMSL) {Polygon[53]}",
    "BALE PART L CTR 118.3 [Ctr] (GND → 984 ft AMSL) {Polygon[36]}",
    "BERN CTR 121.025 [D] (GND → 4921 ft AMSL) {Polygon[66]}",
    "BUOCHS CTR 119.625 [D] (GND → 12959 ft AMSL) {Polygon[22]}",
    "BUOCHS Be CTR 119.625 [D] (GND → 12959 ft AMSL) {Polygon[5]}",
    "BUOCHS St CTR 119.625 [D] (GND → 12959 ft AMSL) {Polygon[9]}",
    "BUOCHS We CTR 119.625 [D] (GND → 12959 ft AMSL) {Polygon[7]}",
    "DUEBENDOR CTR 118.975 [D] (GND → 9514 ft AMSL) {Polygon[13]}",
    "FRIEDRICH CTR 120.075 [Ctr] (GND → 4429 ft AMSL) {Polygon[10]}",
    "GENEVA CTR 118.7 [D] (GND → 3937 ft AMSL) {Polygon[123]}",
    "GRENCHEN CTR 120.1 [D] (GND → 4429 ft AMSL) {Polygon[67]}",
    "LES EPLAT CTR 118.125 [D] (GND → 6562 ft AMSL) {Polygon[18]}",
    "LOCARNO CTR 134.825 [D] (GND → 12959 ft AMSL) {Polygon[124]}",
    "LSME 1 CTR 120.425 [D] (GND → 12959 ft AMSL) {Polygon[13]}",
    "LSME 2 CTR 120.425 [D] (GND → 4429 ft AMSL) {Polygon[10]}",
    "LUGANO CTR 120.25 [D] (GND → 6562 ft AMSL) {Polygon[125]}",
    "MEIRINGEN CTR 130.15 [D] (GND → 12959 ft AMSL) {Polygon[68]}",
    "PAYERNE CTR 128.675 [D] (GND → 10006 ft AMSL) {Polygon[9]}",
    "SION CTR 118.275 [D] (GND → 12959 ft AMSL) {Polygon[57]}",
    "SION Aven CTR 118.275 [D] (3281 ft AMSL → 12959 ft AMSL) {Polygon[4]}",
    "Sion Erde CTR 118.275 [D] (2297 ft AMSL → 12959 ft AMSL) {Polygon[6]}",
    "Sion Grim CTR 118.275 [D] (3707 ft AMSL → 12959 ft AMSL) {Polygon[5]}",
    "Sion Grug CTR 118.275 [D] (4265 ft AMSL → 12959 ft AMSL) {Polygon[31]}",
    "Sion Leyt CTR 118.275 [D] (4265 ft AMSL → 12959 ft AMSL) {Polygon[22]}",
    "Sion Nax CTR 118.275 [D] (4593 ft AMSL → 12959 ft AMSL) {Polygon[6]}",
    "Sion Nend CTR 118.275 [D] (5085 ft AMSL → 12959 ft AMSL) {Polygon[5]}",
    "Sion Nend CTR 118.275 [D] (4593 ft AMSL → 12959 ft AMSL) {Polygon[5]}",
    "Sion Sain CTR 118.275 [D] (3117 ft AMSL → 12959 ft AMSL) {Polygon[5]}",
    "Sion Veys CTR 118.275 [D] (4593 ft AMSL → 12959 ft AMSL) {Polygon[5]}",
    "ST. GALLE CTR 135.425 [D] (GND → 5577 ft AMSL) {Polygon[68]}",
    "ZURICH 1 CTR 118.1 [D] (GND → 4429 ft AMSL) {Polygon[73]}",
    "ZURICH 2 CTR 118.1 [D] (GND → 5577 ft AMSL) {Polygon[9]}",
    "ALPNACH 2 TMA 128.475 [D] (2297 ft AMSL → 12959 ft AMSL) {Polygon[7]}",
    "ALPNACH 4 TMA 128.475 [D] (5905 ft AMSL → 12959 ft AMSL) {Polygon[7]}",
    "BALE PART 0 TMA 118.3 [D] (984 ft AMSL → 14436 ft AMSL) {Polygon[18]}",
    "BALE PART 0 TMA 118.3 [D] (984 ft AMSL → 5577 ft AMSL) {Polygon[30]}",
    "BALE PART 0 TMA 118.3 [D] (984 ft AMSL → 5577 ft AMSL) {Polygon[36]}",
    "BALE PART 0 TMA 118.3 [D] (2953 ft AMSL → 14436 ft AMSL) {Polygon[32]}",
    "BALE PART 0 TMA 118.3 [D] (4921 ft AMSL → 14436 ft AMSL) {Polygon[23]}",
    "BALE ZURICH TMA 118.3 [C] (10006 ft AMSL → 11483 ft AMSL) {Polygon[9]}",
    "BALE ZURICH TMA 118.3 [D] (5577 ft AMSL → 10006 ft AMSL) {Polygon[9]}",
    "BALE ZURICH TMA 118.3 [C] (10006 ft AMSL → 10499 ft AMSL) {Polygon[12]}",
    "BALE ZURICH TMA 118.3 [D] (5577 ft AMSL → 10006 ft AMSL) {Polygon[12]}",
    "BALE ZURICH TMA 118.3 [C] (6562 ft AMSL → 10499 ft AMSL) {Polygon[6]}",
    "BALE ZURICH TMA 118.3 [E] (1968 ft AMSL → 6562 ft AMSL) {Polygon[6]}",
    "BALE  TMA INF:134.675 [D] (5741 ft AMSL → 10006 ft AMSL) {Polygon[14]}",
    "BALE  TMA INF:134.675 [E] (5249 ft AMSL → 5741 ft AMSL) {Polygon[14]}",
    "BALE  TMA INF:134.675 [D] (8530 ft AMSL → 10006 ft AMSL) {Polygon[11]}",
    "BALE  TMA INF:134.675 [E] (6562 ft AMSL → 8530 ft AMSL) {Polygon[11]}",
    "BALE  TMA INF:134.675 [D] (5741 ft AMSL → 10006 ft AMSL) {Polygon[10]}",
    "BALE  TMA INF:134.675 [E] (5249 ft AMSL → 5741 ft AMSL) {Polygon[10]}",
    "BERN 1 TMA 121.025 [D] (3445 ft AMSL → 10006 ft AMSL) {Polygon[104]}",
    "BERN 2 TMA 121.025 [D] (5577 ft AMSL → 10006 ft AMSL) {Polygon[79]}",
    "DUEBENDOR TMA 118.975 [D] (3445 ft AMSL → 9514 ft AMSL) {Polygon[5]}",
    "DUEBENDOR TMA 118.975 [D] (5577 ft AMSL → 9514 ft AMSL) {Polygon[8]}",
    "EMMEN 1 TMA 120.425 [D] (2461 ft AMSL → 8038 ft AMSL) {Polygon[6]}",
    "EMMEN 2 TMA 120.425 [D] (3773 ft AMSL → 12959 ft AMSL) {Polygon[6]}",
    "EMMEN 3 TMA 120.425 [D] (3445 ft AMSL → 8038 ft AMSL) {Polygon[5]}",
    "EMMEN 4 TMA 120.425 [D] (6726 ft AMSL → 12959 ft AMSL) {Polygon[5]}",
    "EMMEN 5 TMA 120.425 [D] (4429 ft AMSL → 8038 ft AMSL) {Polygon[5]}",
    "EMMEN 6 TMA 120.425 [D] (10006 ft AMSL → 12959 ft AMSL) {Polygon[5]}",
    "FRIEDRICH TMA 120.075 [D] (3445 ft AMSL → 4429 ft AMSL) {Polygon[7]}",
    "GENEVA 1 TMA 118.7 [C] (3445 ft AMSL → 19521 ft AMSL) {Polygon[22]}",
    "GENEVA 2 C TMA 118.7 [C] (5577 ft AMSL → 19521 ft AMSL) {Polygon[90]}",
    "GENEVA 2 E TMA 118.7 [E] (3445 ft AMSL → 5577 ft AMSL) {Polygon[90]}",
    "GENEVA 3 C TMA 118.7 [C] (6562 ft AMSL → 19521 ft AMSL) {Polygon[23]}",
    "GENEVA 3 E TMA 118.7 [E] (3445 ft AMSL → 6562 ft AMSL) {Polygon[23]}",
    "GENEVA 4 TMA 118.7 [C] (7546 ft AMSL → 19521 ft AMSL) {Polygon[27]}",
    "GENEVA 4.1 TMA 118.7 [C] (7546 ft AMSL → 8530 ft AMSL) {Polygon[29]}",
    "GENEVA 5 TMA 118.7 [C] (7546 ft AMSL → 19521 ft AMSL) {Polygon[18]}",
    "GENEVA 6 TMA 118.7 [C] (8530 ft AMSL → 19521 ft AMSL) {Polygon[24]}",
    "GENEVA 7 TMA 118.7 [C] (10499 ft AMSL → 19521 ft AMSL) {Polygon[26]}",
    "GENEVA 8 TMA 118.7 [C] (9514 ft AMSL → 19521 ft AMSL) {Polygon[60]}",
    "GENEVA 9 TMA 118.7 [C] (11483 ft AMSL → 19521 ft AMSL) {Polygon[82]}",
    "LOCARNO 1 TMA 134.825 [D] (1968 ft AMSL → 11483 ft AMSL) {Polygon[65]}",
    "LOCARNO 2 TMA 134.825 [D] (1640 ft AMSL → 11483 ft AMSL) {Polygon[65]}",
    "LOCARNO 3 TMA 134.825 [D] (5577 ft AMSL → 11483 ft AMSL) {Polygon[5]}",
    "LOCARNO 4 TMA 134.825 [D] (4921 ft AMSL → 11483 ft AMSL) {Polygon[5]}",
    "LOCARNO 5 TMA 134.825 [D] (9514 ft AMSL → 11483 ft AMSL) {Polygon[13]}",
    "LOCARNO 6 TMA 134.825 [D] (8858 ft AMSL → 11483 ft AMSL) {Polygon[17]}",
    "MEIRINGEN  TMA 130.15 [D] (5249 ft AMSL → 12959 ft AMSL) {Polygon[109]}",
    "MEIRINGEN  TMA 130.15 [D] (7382 ft AMSL → 12959 ft AMSL) {Polygon[6]}",
    "MEIRINGEN  TMA 130.15 [D] (8530 ft AMSL → 12959 ft AMSL) {Polygon[5]}",
    "MILANO 1 C TMA [C] (12467 ft AMSL → 19521 ft AMSL) {Polygon[35]}",
    "MILANO 1 E TMA [E] (6562 ft AMSL → 12467 ft AMSL) {Polygon[35]}",
    "MILANO 2 C TMA [C] (12467 ft AMSL → 19521 ft AMSL) {Polygon[32]}",
    "MILANO 2 E TMA [E] (9514 ft AMSL → 12467 ft AMSL) {Polygon[32]}",
    "MILANO 3 C TMA [C] (10499 ft AMSL → 19521 ft AMSL) {Polygon[24]}",
    "MILANO 3 E TMA [E] (6562 ft AMSL → 10499 ft AMSL) {Polygon[24]}",
    "PAYERNE 1 TMA 128.675 [D] (2297 ft AMSL → 10006 ft AMSL) {Polygon[5]}",
    "PAYERNE 2 TMA 128.675 [D] (2789 ft AMSL → 10006 ft AMSL) {Polygon[5]}",
    "PAYERNE 3 TMA 128.675 [D] (3117 ft AMSL → 10006 ft AMSL) {Polygon[5]}",
    "PAYERNE 5 TMA 128.675 [D] (3937 ft AMSL → 10006 ft AMSL) {Polygon[5]}",
    "PAYERNE 6 TMA 128.675 [D] (4429 ft AMSL → 10006 ft AMSL) {Polygon[5]}",
    "PAYERNE 7 TMA 128.675 [E] (3937 ft AMSL → 10006 ft AMSL) {Polygon[64]}",
    "SION 1 TMA 118.275 [D] (2953 ft AMSL → 12959 ft AMSL) {Polygon[7]}",
    "SION 2 TMA 118.275 [D] (6069 ft AMSL → 12959 ft AMSL) {Polygon[7]}",
    "SION 3 TMA 118.275 [D] (10006 ft AMSL → 12959 ft AMSL) {Polygon[5]}",
    "ST. GALLE TMA 135.425 [D] (3445 ft AMSL → 5577 ft AMSL) {Polygon[6]}",
    "ZURICH 1 TMA 118.1 [C] (2953 ft AMSL → 19521 ft AMSL) {Polygon[61]}",
    "ZURICH 10 TMA 118.1 [C] (6562 ft AMSL → 19521 ft AMSL) {Polygon[11]}",
    "ZURICH 11 TMA 118.1 [C] (6562 ft AMSL → 19521 ft AMSL) {Polygon[24]}",
    "ZURICH 12 TMA 118.1 [C] (8530 ft AMSL → 19521 ft AMSL) {Polygon[9]}",
    "ZURICH 13 TMA 118.1 [C] (7546 ft AMSL → 19521 ft AMSL) {Polygon[10]}",
    "ZURICH 14 TMA 118.1 [C] (5577 ft AMSL → 19521 ft AMSL) {Polygon[14]}",
    "ZURICH 15 TMA 118.1 [C] (7546 ft AMSL → 19521 ft AMSL) {Polygon[11]}",
    "ZURICH 2 TMA 118.1 [C] (4429 ft AMSL → 19521 ft AMSL) {Polygon[12]}",
    "ZURICH 3 TMA 118.1 [C] (5577 ft AMSL → 19521 ft AMSL) {Polygon[12]}",
    "ZURICH 4A TMA 118.1 [C] (4429 ft AMSL → 19521 ft AMSL) {Polygon[27]}",
    "ZURICH 4B TMA 118.1 [C] (5577 ft AMSL → 19521 ft AMSL) {Polygon[23]}",
    "ZURICH 4C TMA 118.1 [C] (4429 ft AMSL → 19521 ft AMSL) {Polygon[78]}",
    "ZURICH 5 TMA 118.1 [C] (3445 ft AMSL → 19521 ft AMSL) {Polygon[43]}",
    "ZURICH 6 TMA 118.1 [C] (5577 ft AMSL → 19521 ft AMSL) {Polygon[21]}",
    "ZURICH 7 TMA 118.1 [C] (7546 ft AMSL → 19521 ft AMSL) {Polygon[12]}",
    "ZURICH 8 TMA 118.1 [C] (6562 ft AMSL → 19521 ft AMSL) {Polygon[20]}",
    "ZURICH 9 TMA 118.1 [C] (7546 ft AMSL → 19521 ft AMSL) {Polygon[11]}",
    "A9.1 AIRWAY [C] (9022 ft AMSL → 19521 ft AMSL) {Polygon[16]}",
    "A9.2 AIRWAY [C] (12959 ft AMSL → 19521 ft AMSL) {Polygon[35]}",
    "LS-D19A BIERE [Danger] (GND → 6562 ft AMSL) {Polygon[5]}",
    "LS-D19 BIERE [Danger] (GND → 6562 ft AMSL) {Polygon[7]}",
    "LS-D10 BREIL  135.475 [Danger] (3937 ft AMSL → 12959 ft AMSL) {Polygon[121]}",
    "LS-D5 ERISWIL [Danger] (2953 ft AMSL → 4921 ft AMSL) {Polygon[12]}",
    "LS-D14 GASTERNTAL [Danger] (GND → 7218 ft AMSL) {Polygon[5]}",
    "LS-D7 GRANDVI 135.475 [Danger] (GND → 9022 ft AMSL) {Polygon[9]}",
    "LS-D15 ROSSBODEN CHUR [Danger] (GND → 6069 ft AMSL) {Polygon[5]}",
    "LS-D12 SIHLTAL [Danger] (GND → 9842 ft AMSL) {Polygon[7]}",
    "LS-D18 THUN [Danger] (GND → 4921 ft AMSL) {Polygon[4]}",
    "LS-R13 AXALP [Restricted] (6069 ft AMSL → 12959 ft AMSL) {Polygon[17]}",
    "LS-R6 AXALP 135.475 [Restricted] (6069 ft AMSL → 12959 ft AMSL) {Polygon[102]}",
    "LS-R19 BIERE [Restricted] (3445 ft AMSL → 6562 ft AMSL) {Polygon[7]}",
    "LS-R44A CAMPO E E [Restricted] (10499 ft AMSL → 12959 ft AMSL) {Polygon[19]}",
    "LS-R8A DAMMAS 128.375 [Restricted] (9186 ft AMSL → 28051 ft AMSL) {Polygon[7]}",
    "LS-R8 DAMMAST 128.375 [Restricted] (GND → 28051 ft AMSL) {Polygon[9]}",
    "LS-R31 EMMEN  120.425 [Restricted] (4921 ft AMSL → 8530 ft AMSL) {Polygon[10]}",
    "LS-R2 HOHGANT [Restricted] (10006 ft AMSL → 12959 ft AMSL) {Polygon[26]}",
    "LS-R4 LAC DE  128.675 [Restricted] (GND → 8858 ft AMSL) {Polygon[7]}",
    "LS-R4A LAC DE 128.675 [Restricted] (4921 ft AMSL → 8858 ft AMSL) {Polygon[9]}",
    "LS-R39A LS R39A [Restricted] (4921 ft AMSL → 12959 ft AMSL) {Polygon[10]}",
    "LS-R39B LS R39B [Restricted] (4921 ft AMSL → 12959 ft AMSL) {Polygon[9]}",
    "LS-R39C LS R39C [Restricted] (4921 ft AMSL → 12959 ft AMSL) {Polygon[12]}",
    "LS-R39D LS R39D [Restricted] (4921 ft AMSL → 9022 ft AMSL) {Polygon[11]}",
    "LS-R39E LS R39E [Restricted] (4921 ft AMSL → 9022 ft AMSL) {Polygon[9]}",
    "LS-R34A OBERALP E E [Restricted] (10499 ft AMSL → 12959 ft AMSL) {Polygon[16]}",
    "LS-RGS1 SION LS RGS1 [Restricted] (GND → 2953 ft AMSL) {Polygon[5]}",
    "LS-RGS2 SION LS RGS2 [Restricted] (2953 ft AMSL → 7546 ft AMSL) {Polygon[9]}",
    "LS-RGS3 SION LS RGS3 [Restricted] (4429 ft AMSL → 9514 ft AMSL) {Polygon[5]}",
    "LS-R3 SPEER [Restricted] (10006 ft AMSL → 12959 ft AMSL) {Polygon[36]}",
    "LS-R11A ZUOZ  135.475 [Restricted] (7054 ft AMSL → 31496 ft AMSL) {Polygon[66]}",
    "LS-R11 ZUOZ S 135.475 [Restricted] (GND → 31496 ft AMSL) {Polygon[91]}",
    "SAMEDAN E FIZ [Prohibited] (1968 ft AMSL → 10006 ft AMSL) {Polygon[133]}",
    "SAMEDAN G FIZ [Prohibited] (GND → 1968 ft AMSL) {Polygon[133]}",
    "AMBRI FF 118.525 [Prohibited] (GND → 5249 ft AMSL) {Circle[r=2.7NM]}",
    "AMLIKON FF 120.125 [Prohibited] (GND → 3346 ft AMSL) {Circle[r=2.7NM]}",
    "BAD RAGAZ FF 123.5 [Prohibited] (GND → 3592 ft AMSL) {Circle[r=2.7NM]}",
    "BELLECHASS FF 122.375 [Prohibited] (GND → 3412 ft AMSL) {Circle[r=2.7NM]}",
    "BEX FF 122.15 [Prohibited] (GND → 3281 ft AMSL) {Circle[r=2.7NM]}",
    "BIEL KAPPEL FF 123.15 [Prohibited] (GND → 3412 ft AMSL) {Circle[r=2.7NM]}",
    "BIRRFELD FF 123.55 [Prohibited] (GND → 3281 ft AMSL) {Circle[r=2.7NM]}",
    "BRESSAUCOUR FF 122.05 [Prohibited] (GND → 3871 ft AMSL) {Circle[r=2.7NM]}",
    "BUTTWIL FF 122.15 [Prohibited] (GND → 4363 ft AMSL) {Circle[r=2.7NM]}",
    "COURTELARY FF 124.6 [Prohibited] (GND → 4232 ft AMSL) {Circle[r=2.7NM]}",
    "DITTINGEN FF 118.175 [Prohibited] (GND → 3740 ft AMSL) {Circle[r=2.7NM]}",
    "ECUVILLENS FF 120.625 [Prohibited] (GND → 4265 ft AMSL) {Circle[r=2.7NM]}",
    "FRICKTAL SC FF 119.55 [Prohibited] (GND → 3773 ft AMSL) {Circle[r=2.7NM]}",
    "GRUYERES FF 124.675 [Prohibited] (GND → 4232 ft AMSL) {Circle[r=2.7NM]}",
    "HASENSTRICK FF [Prohibited] (GND → 4478 ft AMSL) {Circle[r=2.7NM]}",
    "HAUSEN AM A FF 130.75 [Prohibited] (GND → 3871 ft AMSL) {Circle[r=2.7NM]}",
    "KAGISWIL FF 128.475 [Prohibited] (GND → 3510 ft AMSL) {Polygon[34]}",
    "LA COTE FF 123.65 [Prohibited] (GND → 3346 ft AMSL) {Circle[r=2.7NM]}",
    "LANGENTHAL FF 119.4 [Prohibited] (GND → 3543 ft AMSL) {Circle[r=2.7NM]}",
    "LAUSANNE LA  FF 123.2 [Prohibited] (GND → 4003 ft AMSL) {Circle[r=2.7NM]}",
    "LODRINO FF UNKNOWN [Prohibited] (GND → 2821 ft AMSL) {Circle[r=2.7NM]}",
    "LOMMIS FF 119.3 [Prohibited] (GND → 3510 ft AMSL) {Circle[r=2.7NM]}",
    "LUZERN BERO FF 122.45 [Prohibited] (GND → 4117 ft AMSL) {Circle[r=2.7NM]}",
    "MOLLIS FF 134.825 [Prohibited] (GND → 3445 ft AMSL) {Circle[r=2.7NM]}",
    "MONTRICHER FF 133.2 [Prohibited] (GND → 4167 ft AMSL) {Circle[r=2.7NM]}",
    "MOTIERS FF 126.65 [Prohibited] (GND → 4396 ft AMSL) {Circle[r=2.7NM]}",
    "MUNSTER FF 122.075 [Prohibited] (4265 ft AMSL → 6398 ft AMSL) {Polygon[5]}",
    "NEUCHATEL FF 123.6 [Prohibited] (GND → 3412 ft AMSL) {Circle[r=2.7NM]}",
    "OLTEN FF 118.775 [Prohibited] (GND → 3346 ft AMSL) {Circle[r=2.7NM]}",
    "RARON FF 126.975 [Prohibited] (2067 ft AMSL → 3773 ft AMSL) {Polygon[5]}",
    "REICHENBACH FF 127.7 [Prohibited] (GND → 14928 ft AMSL) {Polygon[50]}",
    "SAANEN FF 119.425 [Prohibited] (GND → 5249 ft AMSL) {Circle[r=2.7NM]}",
    "SAMED FF AFIS:135.325 [Prohibited] (GND → 7579 ft AMSL) {Circle[r=2.7NM]}",
    "SCHAFFHAUSE FF 121.05 [Prohibited] (GND → 3510 ft AMSL) {Circle[r=2.7NM]}",
    "SCHANIS FF 120.6 [Prohibited] (GND → 3346 ft AMSL) {Circle[r=2.7NM]}",
    "SITTERDORF FF 118.35 [Prohibited] (GND → 3642 ft AMSL) {Circle[r=2.7NM]}",
    "SPECK FEHRA FF 120.35 [Prohibited] (GND → 3740 ft AMSL) {Circle[r=2.7NM]}",
    "ST. STEPHAN FF 120.05 [Prohibited] (GND → 5282 ft AMSL) {Circle[r=2.7NM]}",
    "THUN FF 123.25 [Prohibited] (GND → 3839 ft AMSL) {Polygon[58]}",
    "THUN Sector FF 123.25 [Prohibited] (3281 ft AMSL → 3839 ft AMSL) {Polygon[10]}",
    "TRIENGEN FF 124.525 [Prohibited] (GND → 3576 ft AMSL) {Circle[r=2.7NM]}",
    "WANGEN LACHE FF 123.2 [Prohibited] (1312 ft AMSL → 3445 ft AMSL) {Polygon[58]}",
    "WANGEN LACHE FF 123.2 [Prohibited] (2297 ft AMSL → 3445 ft AMSL) {Polygon[23]}",
    "WANGEN LACHE FF 123.2 [Prohibited] (3281 ft AMSL → 3445 ft AMSL) {Polygon[40]}",
    "WINTERTHUR FF 134.975 [Prohibited] (GND → 3478 ft AMSL) {Circle[r=2.7NM]}",
    "YVERDON LE FF 131.125 [Prohibited] (GND → 3412 ft AMSL) {Circle[r=2.7NM]}",
    "ZWEISIMMEN FF 121.225 [Prohibited] (GND → 5052 ft AMSL) {Circle[r=2.7NM]}",
    "BALZERS FL HP 119.8 [Prohibited] (GND → 3281 ft AMSL) {Circle[r=1.35NM]}",
    "COLLOMBEY  HP UNKNOWN [Prohibited] (GND → 2953 ft AMSL) {Circle[r=1.35NM]}",
    "ERSTFELD HP UNKNOWN [Prohibited] (GND → 3281 ft AMSL) {Circle[r=1.35NM]}",
    "GAMPEL HP UNKNOWN [Prohibited] (2034 ft AMSL → 3773 ft AMSL) {Polygon[5]}",
    "GOSSAU SG HP UNKNOWN [Prohibited] (GND → 3937 ft AMSL) {Circle[r=1.35NM]}",
    "GSTAAD INN HP UNKNOWN [Prohibited] (GND → 5413 ft AMSL) {Circle[r=1.35NM]}",
    "GSTEIGWILE HP 159.675 [Prohibited] (GND → 3937 ft AMSL) {Circle[r=1.35NM]}",
    "HALTIKON HP UNKNOWN [Prohibited] (GND → 3445 ft AMSL) {Circle[r=1.35NM]}",
    "HOLZIKEN HP UNKNOWN [Prohibited] (GND → 3281 ft AMSL) {Circle[r=1.35NM]}",
    "INTERLAKEN HP 120.525 [Prohibited] (GND → 2625 ft AMSL) {Polygon[16]}",
    "LAUTERBRUN HP 159.675 [Prohibited] (GND → 4265 ft AMSL) {Circle[r=1.35NM]}",
    "LEYSIN HP 159.675 [Prohibited] (GND → 5741 ft AMSL) {Circle[r=1.35NM]}",
    "LODRINO HP 119.625 [Prohibited] (GND → 2625 ft AMSL) {Circle[r=1.35NM]}",
    "PFAFFNAU HP UNKNOWN [Prohibited] (GND → 3445 ft AMSL) {Circle[r=1.35NM]}",
    "RARON HP 126.975 [Prohibited] (2067 ft AMSL → 3773 ft AMSL) {Polygon[5]}",
    "SAN VITTOR HP 122.075 [Prohibited] (GND → 2625 ft AMSL) {Circle[r=1.35NM]}",
    "SCHATTENHA HP UNKNOWN [Prohibited] (GND → 4265 ft AMSL) {Circle[r=1.35NM]}",
    "SCHINDELLEG HP 118.75 [Prohibited] (GND → 4429 ft AMSL) {Circle[r=1.35NM]}",
    "ST. MORITZ HP UNKNOWN [Prohibited] (GND → 7710 ft AMSL) {Circle[r=1.35NM]}",
    "TAVANASA HP 159.675 [Prohibited] (GND → 4265 ft AMSL) {Circle[r=1.35NM]}",
    "TROGEN HP UNKNOWN [Prohibited] (GND → 4429 ft AMSL) {Circle[r=1.35NM]}",
    "UNTERVAZ HP 159.675 [Prohibited] (GND → 3445 ft AMSL) {Circle[r=1.35NM]}",
    "WURENLINGE HP UNKNOWN [Prohibited] (GND → 2953 ft AMSL) {Circle[r=1.35NM]}",
    "ZERMATT HP 130.0 [Prohibited] (GND → 7054 ft AMSL) {Circle[r=1.35NM]}",
    "Flugverbotszone Engel [Prohibited] (GND → 6568 ft AMSL) {Polygon[22]}",
    "Wilderswil Ost [Prohibited] (GND → 3937 ft AMSL) {Polygon[20]}",
    "Wilderswil West [Prohibited] (GND → 3609 ft AMSL) {Polygon[7]}",
    "DANGER Schibenguetsch [Danger] (GND → 6562 ft AMSL) {Polygon[9]}",
    "DANGER Schiessstand B [Danger] (GND → 4921 ft AMSL) {Polygon[8]}",
    "KABEL Hinderniss [Danger] (6627 ft AMSL → 6627 ft AMSL) {Polygon[2]}",
    "KABEL Kabel [Danger] (5233 ft AMSL → 5535 ft AMSL) {Polygon[2]}",
    "KABEL Kabel [Danger] (4491 ft AMSL → 5013 ft AMSL) {Polygon[2]}",
    "KABEL Kabel [Danger] (4865 ft AMSL → 5125 ft AMSL) {Polygon[2]}",
    "KABEL Kabel [Danger] (5151 ft AMSL → 6083 ft AMSL) {Polygon[2]}",
    "KABEL Kabel [Danger] (1552 ft AMSL → 2090 ft AMSL) {Polygon[2]}",
    "KABEL Kabel [Danger] (3383 ft AMSL → 4701 ft AMSL) {Polygon[2]}",
    "KABEL Kabel [Danger] (3816 ft AMSL → 4380 ft AMSL) {Polygon[2]}",
    "KABEL Kabel [Danger] (2254 ft AMSL → 2835 ft AMSL) {Polygon[2]}",
    "KABEL Kabel [Danger] (4157 ft AMSL → 4623 ft AMSL) {Polygon[2]}",
    "KABEL Kabel [Danger] (3199 ft AMSL → 3848 ft AMSL) {Polygon[2]}",
    "KABEL Kabel [Danger] (1978 ft AMSL → 2884 ft AMSL) {Polygon[2]}",
    "KABEL Kabel [Danger] (1850 ft AMSL → 2904 ft AMSL) {Polygon[2]}",
    "KABEL Kabel [Danger] (5761 ft AMSL → 6384 ft AMSL) {Polygon[2]}",
    "KABEL Kabel [Danger] (6483 ft AMSL → 6496 ft AMSL) {Polygon[2]}",
    "KABEL Stromleitung [Danger] (3346 ft AMSL → 3376 ft AMSL) {Polygon[2]}",
    "KABEL Stromleitung [Danger] (2582 ft AMSL → 3346 ft AMSL) {Polygon[2]}",
    "KABEL Stromleitung [Danger] (2346 ft AMSL → 4636 ft AMSL) {Polygon[2]}",
    "KABEL Telefonleitung [Danger] (2507 ft AMSL → 4216 ft AMSL) {Polygon[2]}",
    "SCHUTZ Aebnenegg [Prohibited] (GND → 12959 ft AMSL) {Polygon[51]}",
    "SCHUTZ Aebnet [Prohibited] (GND → 12959 ft AMSL) {Polygon[47]}",
    "SCHUTZ Aescher Ebenal [Prohibited] (GND → 4921 ft AMSL) {Polygon[25]}",
    "SCHUTZ Alp da Schnaus [Prohibited] (GND → 7874 ft AMSL) {Polygon[36]}",
    "SCHUTZ Alp Mora [Prohibited] (GND → 984 ft AGL) {Polygon[29]}",
    "SCHUTZ Alp Siegel [Prohibited] (GND → 6562 ft AMSL) {Polygon[24]}",
    "SCHUTZ Alt Stafel [Prohibited] (GND → 12959 ft AMSL) {Polygon[18]}",
    "SCHUTZ Arvigrat [Prohibited] (GND → 12959 ft AMSL) {Polygon[6]}",
    "SCHUTZ Beverin [Prohibited] (GND → 984 ft AGL) {Polygon[20]}",
    "SCHUTZ Bogarten [Prohibited] (GND → 6562 ft AMSL) {Polygon[15]}",
    "SCHUTZ Breil Brigels [Prohibited] (GND → 984 ft AGL) {Polygon[17]}",
    "SCHUTZ Brienzergrat [Prohibited] (GND → 12959 ft AMSL) {Polygon[65]}",
    "SCHUTZ Brisen [Prohibited] (GND → 12959 ft AMSL) {Polygon[45]}",
    "SCHUTZ Brunni [Prohibited] (GND → 12959 ft AMSL) {Polygon[11]}",
    "SCHUTZ Brunnital [Prohibited] (GND → 12959 ft AMSL) {Polygon[89]}",
    "SCHUTZ Buochserhorn [Prohibited] (GND → 12959 ft AMSL) {Polygon[5]}",
    "SCHUTZ Boetzelchopf [Prohibited] (GND → 6562 ft AMSL) {Polygon[16]}",
    "SCHUTZ Calmut [Prohibited] (GND → 12959 ft AMSL) {Polygon[9]}",
    "SCHUTZ Chilchenberg [Prohibited] (GND → 12959 ft AMSL) {Polygon[30]}",
    "SCHUTZ Cuolm da Vi [Prohibited] (GND → 12959 ft AMSL) {Polygon[34]}",
    "SCHUTZ Danis Raschil [Prohibited] (GND → 12959 ft AMSL) {Polygon[45]}",
    "SCHUTZ Dibistock [Prohibited] (GND → 12959 ft AMSL) {Polygon[41]}",
    "SCHUTZ Emmetten [Prohibited] (GND → 12959 ft AMSL) {Polygon[9]}",
    "SCHUTZ Emmetten 2 [Prohibited] (GND → 12959 ft AMSL) {Polygon[5]}",
    "SCHUTZ Engelberg [Prohibited] (GND → 12959 ft AMSL) {Polygon[10]}",
    "SCHUTZ Engelberg [Prohibited] (GND → 12959 ft AMSL) {Polygon[29]}",
    "SCHUTZ Engelberg Hahn [Prohibited] (GND → 12959 ft AMSL) {Polygon[17]}",
    "SCHUTZ Engelberg Ober [Prohibited] (GND → 12959 ft AMSL) {Polygon[8]}",
    "SCHUTZ Feutersoey [Prohibited] (GND → 12959 ft AMSL) {Polygon[29]}",
    "SCHUTZ Flimserstein [Prohibited] (GND → 984 ft AGL) {Polygon[47]}",
    "SCHUTZ Fulhorn [Prohibited] (GND → 12959 ft AMSL) {Polygon[53]}",
    "SCHUTZ Galtenaebnet 1 [Prohibited] (GND → 12959 ft AMSL) {Polygon[18]}",
    "SCHUTZ Galtenaebnet 2 [Prohibited] (GND → 12959 ft AMSL) {Polygon[6]}",
    "SCHUTZ Geissstock [Prohibited] (GND → 12959 ft AMSL) {Polygon[21]}",
    "SCHUTZ Gental [Prohibited] (GND → 6562 ft AMSL) {Polygon[24]}",
    "SCHUTZ Gmeinenwies [Prohibited] (GND → 6890 ft AMSL) {Polygon[17]}",
    "SCHUTZ Grenchenberg N [Prohibited] (GND → 10006 ft AMSL) {Polygon[5]}",
    "SCHUTZ Grotta [Prohibited] (GND → 984 ft AGL) {Polygon[13]}",
    "SCHUTZ Gruonwald [Prohibited] (GND → 12959 ft AMSL) {Polygon[45]}",
    "SCHUTZ Graetimatt [Prohibited] (GND → 12959 ft AMSL) {Polygon[6]}",
    "SCHUTZ Graetimattstan [Prohibited] (GND → 12959 ft AMSL) {Polygon[11]}",
    "SCHUTZ Gurschen [Prohibited] (GND → 12959 ft AMSL) {Polygon[21]}",
    "SCHUTZ Heinzenbergerg [Prohibited] (GND → 12959 ft AMSL) {Polygon[65]}",
    "SCHUTZ Heinzenbergerg [Prohibited] (GND → 12959 ft AMSL) {Polygon[9]}",
    "SCHUTZ Hoch Ybrig [Prohibited] (GND → 6562 ft AMSL) {Polygon[5]}",
    "SCHUTZ Hospental 1 [Prohibited] (GND → 12959 ft AMSL) {Polygon[43]}",
    "SCHUTZ Hospental 2 [Prohibited] (GND → 12959 ft AMSL) {Polygon[17]}",
    "SCHUTZ Hospental 3 [Prohibited] (GND → 12959 ft AMSL) {Polygon[16]}",
    "SCHUTZ Hundstock [Prohibited] (GND → 12959 ft AMSL) {Polygon[29]}",
    "SCHUTZ Klewenalp Stol [Prohibited] (GND → 12959 ft AMSL) {Polygon[8]}",
    "SCHUTZ Lehmental [Prohibited] (GND → 5905 ft AMSL) {Polygon[48]}",
    "SCHUTZ Lenzer Horn [Prohibited] (GND → 984 ft AGL) {Polygon[74]}",
    "SCHUTZ Marwees [Prohibited] (GND → 6562 ft AMSL) {Polygon[12]}",
    "SCHUTZ Nagiens [Prohibited] (GND → 984 ft AGL) {Polygon[24]}",
    "SCHUTZ Niederbauen [Prohibited] (GND → 12959 ft AMSL) {Polygon[5]}",
    "SCHUTZ Niederbauen [Prohibited] (GND → 12959 ft AMSL) {Polygon[9]}",
    "SCHUTZ Niederrickenac [Prohibited] (GND → 12959 ft AMSL) {Polygon[6]}",
    "SCHUTZ Niederrickenba [Prohibited] (GND → 12959 ft AMSL) {Polygon[12]}",
    "SCHUTZ Oberalp [Prohibited] (GND → 12959 ft AMSL) {Polygon[6]}",
    "SCHUTZ Obergadmen 1 [Prohibited] (GND → 12959 ft AMSL) {Polygon[8]}",
    "SCHUTZ Obergadmen 2 [Prohibited] (GND → 12959 ft AMSL) {Polygon[8]}",
    "SCHUTZ Obergadmen 3 [Prohibited] (GND → 12959 ft AMSL) {Polygon[10]}",
    "SCHUTZ Ondadusa [Prohibited] (GND → 12959 ft AMSL) {Polygon[16]}",
    "SCHUTZ Pilatus [Prohibited] (GND → 12959 ft AMSL) {Polygon[6]}",
    "SCHUTZ Pilatus Tomlis [Prohibited] (GND → 12959 ft AMSL) {Polygon[16]}",
    "SCHUTZ Plaun [Prohibited] (GND → 984 ft AGL) {Polygon[21]}",
    "SCHUTZ Pulanera [Prohibited] (GND → 12959 ft AMSL) {Polygon[11]}",
    "SCHUTZ Realp Bonegg [Prohibited] (GND → 12959 ft AMSL) {Polygon[14]}",
    "SCHUTZ Realp Bruch [Prohibited] (GND → 12959 ft AMSL) {Polygon[39]}",
    "SCHUTZ Riederen [Prohibited] (GND → 12959 ft AMSL) {Polygon[17]}",
    "SCHUTZ Riedertal [Prohibited] (GND → 12959 ft AMSL) {Polygon[36]}",
    "SCHUTZ Rophaien [Prohibited] (GND → 12959 ft AMSL) {Polygon[31]}",
    "SCHUTZ Rossboden [Prohibited] (GND → 12959 ft AMSL) {Polygon[64]}",
    "SCHUTZ Saentis Falalp [Prohibited] (GND → 9842 ft AMSL) {Polygon[25]}",
    "SCHUTZ Scalottas [Prohibited] (GND → 984 ft AGL) {Polygon[50]}",
    "SCHUTZ Schwalmis Rise [Prohibited] (GND → 12959 ft AMSL) {Polygon[16]}",
    "SCHUTZ Schwarzgrat [Prohibited] (GND → 12959 ft AMSL) {Polygon[62]}",
    "SCHUTZ Selva [Prohibited] (GND → 12959 ft AMSL) {Polygon[23]}",
    "SCHUTZ Sidenplangg [Prohibited] (GND → 12959 ft AMSL) {Polygon[9]}",
    "SCHUTZ Stanserhorn [Prohibited] (GND → 12959 ft AMSL) {Polygon[14]}",
    "SCHUTZ Stockberg [Prohibited] (GND → 6890 ft AMSL) {Polygon[13]}",
    "SCHUTZ Sumvitg [Prohibited] (GND → 12959 ft AMSL) {Polygon[27]}",
    "SCHUTZ Tgom [Prohibited] (GND → 12959 ft AMSL) {Polygon[23]}",
    "SCHUTZ Uaul Cavorgia [Prohibited] (GND → 12959 ft AMSL) {Polygon[45]}",
    "SCHUTZ Val Frisal [Prohibited] (GND → 12959 ft AMSL) {Polygon[31]}",
    "SCHUTZ Vorstegg [Prohibited] (GND → 12959 ft AMSL) {Polygon[8]}",
]
