---
source: tests/parser.rs
expression: spaces.first().unwrap()
---
Airspace {
    name: "ALPNACH CTR 128.475",
    class: D,
    type_: None,
    lower_bound: Gnd,
    upper_bound: FeetAmsl(
        12959,
    ),
    geom: Polygon {
        segments: [
            Point(
                Coord {
                    lat: 46.974722222222226,
                    lng: 8.258055555555556,
                },
            ),
            Point(
                Coord {
                    lat: 46.972500000000004,
                    lng: 8.279722222222222,
                },
            ),
            Point(
                Coord {
                    lat: 46.93666666666666,
                    lng: 8.267777777777779,
                },
            ),
            Point(
                Coord {
                    lat: 46.93444444444444,
                    lng: 8.245277777777776,
                },
            ),
            Point(
                Coord {
                    lat: 46.92638888888889,
                    lng: 8.226666666666667,
                },
            ),
            Point(
                Coord {
                    lat: 46.926944444444445,
                    lng: 8.225833333333334,
                },
            ),
            Point(
                Coord {
                    lat: 46.92305555555555,
                    lng: 8.223611111111111,
                },
            ),
            Point(
                Coord {
                    lat: 46.88972222222222,
                    lng: 8.241666666666665,
                },
            ),
            Point(
                Coord {
                    lat: 46.88333333333333,
                    lng: 8.2725,
                },
            ),
            Point(
                Coord {
                    lat: 46.88472222222222,
                    lng: 8.273055555555556,
                },
            ),
            Point(
                Coord {
                    lat: 46.88611111111111,
                    lng: 8.272777777777778,
                },
            ),
            Point(
                Coord {
                    lat: 46.88805555555555,
                    lng: 8.270833333333334,
                },
            ),
            Point(
                Coord {
                    lat: 46.88916666666667,
                    lng: 8.270555555555557,
                },
            ),
            Point(
                Coord {
                    lat: 46.89111111111111,
                    lng: 8.2725,
                },
            ),
            Point(
                Coord {
                    lat: 46.8925,
                    lng: 8.271666666666668,
                },
            ),
            Point(
                Coord {
                    lat: 46.89416666666666,
                    lng: 8.273055555555556,
                },
            ),
            Point(
                Coord {
                    lat: 46.895833333333336,
                    lng: 8.273333333333333,
                },
            ),
            Point(
                Coord {
                    lat: 46.89972222222222,
                    lng: 8.275277777777779,
                },
            ),
            Point(
                Coord {
                    lat: 46.900555555555556,
                    lng: 8.275,
                },
            ),
            Point(
                Coord {
                    lat: 46.90222222222222,
                    lng: 8.276111111111112,
                },
            ),
            Point(
                Coord {
                    lat: 46.905,
                    lng: 8.285833333333333,
                },
            ),
            Point(
                Coord {
                    lat: 46.9075,
                    lng: 8.290833333333333,
                },
            ),
            Point(
                Coord {
                    lat: 46.91,
                    lng: 8.293611111111112,
                },
            ),
            Point(
                Coord {
                    lat: 46.91361111111111,
                    lng: 8.295833333333333,
                },
            ),
            Point(
                Coord {
                    lat: 46.916666666666664,
                    lng: 8.296388888888888,
                },
            ),
            Point(
                Coord {
                    lat: 46.91888888888889,
                    lng: 8.29888888888889,
                },
            ),
            Point(
                Coord {
                    lat: 46.92055555555555,
                    lng: 8.3025,
                },
            ),
            Point(
                Coord {
                    lat: 46.92027777777778,
                    lng: 8.307222222222222,
                },
            ),
            Point(
                Coord {
                    lat: 46.920833333333334,
                    lng: 8.311944444444444,
                },
            ),
            Point(
                Coord {
                    lat: 46.918055555555554,
                    lng: 8.317222222222222,
                },
            ),
            Point(
                Coord {
                    lat: 46.91777777777777,
                    lng: 8.321666666666667,
                },
            ),
            Point(
                Coord {
                    lat: 46.9175,
                    lng: 8.323333333333332,
                },
            ),
            Point(
                Coord {
                    lat: 46.92944444444444,
                    lng: 8.340833333333334,
                },
            ),
            Point(
                Coord {
                    lat: 47.01027777777778,
                    lng: 8.309166666666668,
                },
            ),
            Point(
                Coord {
                    lat: 46.974722222222226,
                    lng: 8.258055555555556,
                },
            ),
        ],
    },
    frequency: None,
    call_sign: None,
    transponder_code: None,
}
