---
source: tests/serde.rs
expression: airspace
---
{
  "name": "Control Zone",
  "class": "CTR",
  "lowerBound": {
    "type": "Gnd"
  },
  "upperBound": {
    "type": "FeetAgl",
    "val": 1000
  },
  "geom": {
    "type": "Polygon",
    "segments": []
  }
}
